// Jest Snapshot v1, https://goo.gl/fbAQLP

exports[`rdouble-chromosphere 1`] = `null`;
