// Jest Snapshot v1, https://goo.gl/fbAQLP

exports[`seven-star renders without crashing 1`] = `null`;
