// Jest Snapshot v1, https://goo.gl/fbAQLP

exports[`back-header.js renders without crashing 1`] = `null`;
